---
source: crates/oxc_formatter/tests/fixtures/mod.rs
---
==================== Input ====================
function x(foo: object) {
  return (
    // oxlint-disable-next-line no-unsafe-optional-chaining
    foo?.veryLongAttribute1?.veryLongAttribute2?.veryLongAttribute3
      ?.veryLongAttribute4 as any
  ).bar
}

==================== Output ====================
------------------
{ printWidth: 80 }
------------------
function x(foo: object) {
  return (
    (
      // oxlint-disable-next-line no-unsafe-optional-chaining
      foo?.veryLongAttribute1?.veryLongAttribute2?.veryLongAttribute3
        ?.veryLongAttribute4 as any
    ).bar
  );
}

-------------------
{ printWidth: 100 }
-------------------
function x(foo: object) {
  return (
    (
      // oxlint-disable-next-line no-unsafe-optional-chaining
      foo?.veryLongAttribute1?.veryLongAttribute2?.veryLongAttribute3?.veryLongAttribute4 as any
    ).bar
  );
}

===================== End =====================
